Field-One:Field-Two:File-A-Field:File-B-Field
:Two Key 02:10:
:Two Key 08::2048
One Key 1:Two Key 02::256
One Key 2::100:
One Key 2:Two Key 04::512
One Key 3:Two Key 06::1024
One Key 4:Two Key 08:10000:
One Key 5:Two Key 10:100000:
One Key 6:::4096
One Key 6:Two Key 12:1000000:
One Key 7:Two Key 12::
One Key 8:Two Key 14:10000000:16384
