ID	mango - 0: Quantity	mango - 0: Revenue	mango - 1: Quantity	mango - 1: Revenue	mango - 2: Quantity	mango - 2: Revenue	orange - 0: Quantity	orange - 0: Revenue	orange - 1: Quantity	orange - 1: Revenue	orange - 2: Quantity	orange - 2: Revenue
	4	0.00	0	0.00	0	0.00	14	0.00	0	0.00	0	0.00
1010101	0	0.00	8	0.00	15	0.00	0	0.00	20	0.00	38	0.00
